2025-04-04 05:14:25.071091 - Received CBT.V508.FILE156.PDS from FILE156.XMI 
2025-04-04 05:14:25.072268 - Found $$$SPACE.x-empty (application/x-empty) in CBT.V508.FILE156.PDS, moved to PDS/$$$SPACE
2025-04-04 05:14:25.072516 - Found @BLANK.txt (text/plain) in CBT.V508.FILE156.PDS, moved to PDS/@BLANK
2025-04-04 05:14:25.072651 - Found @CALL.txt (text/plain) in CBT.V508.FILE156.PDS, moved to PDS/@CALL
2025-04-04 05:14:25.072791 - Found @DASH.txt (text/plain) in CBT.V508.FILE156.PDS, moved to PDS/@DASH
2025-04-04 05:14:25.072913 - Found @ERROR.txt (text/plain) in CBT.V508.FILE156.PDS, moved to PDS/@ERROR
2025-04-04 05:14:25.073032 - Found @FILL.txt (text/plain) in CBT.V508.FILE156.PDS, moved to PDS/@FILL
2025-04-04 05:14:25.073149 - Found @FMTREG.txt (text/plain) in CBT.V508.FILE156.PDS, moved to PDS/@FMTREG
2025-04-04 05:14:25.073277 - Found @MVC.txt (text/plain) in CBT.V508.FILE156.PDS, moved to PDS/@MVC
2025-04-04 05:14:25.073416 - Found @REGS.txt (text/plain) in CBT.V508.FILE156.PDS, moved to PDS/@REGS
2025-04-04 05:14:25.073531 - Found @ZERO.txt (text/plain) in CBT.V508.FILE156.PDS, moved to PDS/@ZERO
2025-04-04 05:14:25.073646 - Found @ZREGS.txt (text/plain) in CBT.V508.FILE156.PDS, moved to PDS/@ZREGS
2025-04-04 05:14:25.073778 - Found ASAPART.txt (text/plain) in CBT.V508.FILE156.PDS, moved to PDS/ASAPART
2025-04-04 05:14:25.073931 - Found ASAPCNVT.txt (text/plain) in CBT.V508.FILE156.PDS, moved to PDS/ASAPCNVT
2025-04-04 05:14:25.074046 - Found ASAPCNV2.txt (text/plain) in CBT.V508.FILE156.PDS, moved to PDS/ASAPCNV2
2025-04-04 05:14:25.074164 - Found ASAPDOC.txt (text/plain) in CBT.V508.FILE156.PDS, moved to PDS/ASAPDOC
2025-04-04 05:14:25.074284 - Found ASMASAP.txt (text/plain) in CBT.V508.FILE156.PDS, moved to PDS/ASMASAP
2025-04-04 05:14:25.074408 - Found IEBASAP.txt (text/plain) in CBT.V508.FILE156.PDS, moved to PDS/IEBASAP
2025-04-04 05:14:25.074557 - Found IEBASAPA.txt (text/plain) in CBT.V508.FILE156.PDS, moved to PDS/IEBASAPA
2025-04-04 05:14:25.074773 - Found IEBASAPB.txt (text/plain) in CBT.V508.FILE156.PDS, moved to PDS/IEBASAPB
2025-04-04 05:14:25.074896 - Found IEBASAPC.txt (text/plain) in CBT.V508.FILE156.PDS, moved to PDS/IEBASAPC
2025-04-04 05:14:25.075058 - Found IEBASAPD.txt (text/plain) in CBT.V508.FILE156.PDS, moved to PDS/IEBASAPD
2025-04-04 05:14:25.075222 - Found IEBASAPE.txt (text/plain) in CBT.V508.FILE156.PDS, moved to PDS/IEBASAPE
2025-04-04 05:14:25.075383 - Found IEBASAPF.txt (text/plain) in CBT.V508.FILE156.PDS, moved to PDS/IEBASAPF
2025-04-04 05:14:25.075502 - Found IEBASAPG.txt (text/plain) in CBT.V508.FILE156.PDS, moved to PDS/IEBASAPG
2025-04-04 05:14:25.075757 - Found IEBASAPH.txt (text/plain) in CBT.V508.FILE156.PDS, moved to PDS/IEBASAPH
2025-04-04 05:14:25.075933 - Found IEBASAPI.txt (text/plain) in CBT.V508.FILE156.PDS, moved to PDS/IEBASAPI
2025-04-04 05:14:25.076114 - Found IEBASAPJ.txt (text/plain) in CBT.V508.FILE156.PDS, moved to PDS/IEBASAPJ
2025-04-04 05:14:25.076275 - Found IEBASAPK.txt (text/plain) in CBT.V508.FILE156.PDS, moved to PDS/IEBASAPK
2025-04-04 05:14:25.076408 - Found IEBASAPL.txt (text/plain) in CBT.V508.FILE156.PDS, moved to PDS/IEBASAPL
2025-04-04 05:14:25.076519 - Found IEBASAPM.txt (text/plain) in CBT.V508.FILE156.PDS, moved to PDS/IEBASAPM
2025-04-04 05:14:25.076635 - Found IEBASAPN.txt (text/plain) in CBT.V508.FILE156.PDS, moved to PDS/IEBASAPN
2025-04-04 05:14:25.076746 - Found JCLCNVT.txt (text/plain) in CBT.V508.FILE156.PDS, moved to PDS/JCLCNVT
2025-04-04 05:14:25.076861 - Found JCLCNV2.txt (text/plain) in CBT.V508.FILE156.PDS, moved to PDS/JCLCNV2
2025-04-04 05:14:25.076973 - Found JCL0.txt (text/plain) in CBT.V508.FILE156.PDS, moved to PDS/JCL0
2025-04-04 05:14:25.077107 - Found JCL1.txt (text/plain) in CBT.V508.FILE156.PDS, moved to PDS/JCL1
2025-04-04 05:14:25.077219 - Found KEYT.txt (text/plain) in CBT.V508.FILE156.PDS, moved to PDS/KEYT
2025-04-04 05:14:25.077338 - Found KEYVAL.txt (text/plain) in CBT.V508.FILE156.PDS, moved to PDS/KEYVAL
2025-04-04 05:14:25.077457 - Found VIPDOC.txt (text/plain) in CBT.V508.FILE156.PDS, moved to PDS/VIPDOC
